product: 6 sum product of squares: 13
product: 6 sum product of squares: 13
