b: 1 4 9 16
sum of squares: 30
mapped values: key: Ernie age: 3 key: Bert age: 4 key: Cookie-Monster age: 5 key: GraphCount age: 100 
