json: {"persons":{"id":"323412343123","name":"Michael","surname":"Moser","age":52},"stuff":[3,2,1]}
json: {"persons":{"id":123,"name":"Michael","surname":"Moser","age":22},"stuff":[3,2,1]}
