status: 0 output: hello world
status: 0 output: !hello world!
