mygen - num: 1
mygen - num: 2
mygen - num: 3
mygen - num: 4
mygen - num: 5
mygen - num: 6
mygen - num: 7
mygen - num: 8
mygen - num: 9
mygen2 - num: 1
mygen2 - num: 2
mygen2 - num: 3
mygen2 - num: 4
mygen2 - num: 5
mygen2 - num: 6
mygen2 - num: 7
mygen2 - num: 8
mygen2 - num: 9
