[["b",1],["a",100],["c",1000]]
[2,3,4,5,6,7,8,9,10]
