status: 200 headers: none response: Pooh says hello. 1
=====    
request url: /abcd  
method: POST    
headers {"content-type":"text/json","content-length":"36","host":"127.0.0.1:9010","connection":"keep-alive"}
user-agent: none
requestData: { "name": "Pooh", "family": "Bear" }
 error: none

status: 200 headers: none response: Pooh says hello. 2
=====    
request url: /cdef  
method: GET    
headers {"host":"127.0.0.1:9010","connection":"keep-alive"}
user-agent: none
requestData: 
 error: none

