searching: [2,4,5,7,9,10,12,14,15,17]
10  true
11  false
12  true
13  false
14  true
